I:\BaiduSyncdisk\Drill\数据报告\ai-growth-engine\engine\tools.py:1182: SyntaxWarning: invalid escape sequence '\s'
  t=t.replace(/<(script|style)[^>]*>[\s\S]*?<\/>/gi,function(m){tags++;return '';});
I:\BaiduSyncdisk\Drill\数据报告\ai-growth-engine\engine\tools.py:1281: SyntaxWarning: invalid escape sequence '\d'
  var nums=(inp.value.match(/-?\d+(?:\.\d+)?(?:e[+-]?\d+)?/gi)||[]).map(Number);
I:\BaiduSyncdisk\Drill\数据报告\ai-growth-engine\engine\tools.py:1316: SyntaxWarning: invalid escape sequence '\s'
  var parts=v.trim().split(/\s+/).filter(Boolean),bytes=[];
I:\BaiduSyncdisk\Drill\数据报告\ai-growth-engine\engine\tools.py:1747: SyntaxWarning: invalid escape sequence '\d'
  var m=v.match(/^(\d+)?[- ]?(\d+)\/(\d+)$/);
I:\BaiduSyncdisk\Drill\数据报告\ai-growth-engine\engine\tools.py:1997: SyntaxWarning: invalid escape sequence '\s'
  v=v.trim().toLowerCase().replace(/\s/g,'');
I:\BaiduSyncdisk\Drill\数据报告\ai-growth-engine\engine\tools.py:2121: SyntaxWarning: invalid escape sequence '\d'
  if(!/^\d+$/.test(v)){out.textContent='-';note.textContent=TT('num.whole','Whole numbers only.');return;}
I:\BaiduSyncdisk\Drill\数据报告\ai-growth-engine\engine\tools.py:2588: SyntaxWarning: invalid escape sequence '\s'
  return v.trim().split(/\s+/).filter(Boolean).map(function(g){
I:\BaiduSyncdisk\Drill\数据报告\ai-growth-engine\engine\tools.py:2637: SyntaxWarning: invalid escape sequence '\d'
  numStr=numStr.replace(/,/g,"").replace(/^0+(?=\d)/,"");
I:\BaiduSyncdisk\Drill\数据报告\ai-growth-engine\engine\tools.py:2702: SyntaxWarning: invalid escape sequence '\s'
  return s.toLowerCase().split(/\s+/).map(function(word){
I:\BaiduSyncdisk\Drill\数据报告\ai-growth-engine\engine\tools.py:2790: SyntaxWarning: invalid escape sequence '\s'
  s=s.toLowerCase().replace(/-/g,' ').replace(/\band\b/g,' ').replace(/,/g,' ').replace(/\s+/g,' ').trim();
I:\BaiduSyncdisk\Drill\数据报告\ai-growth-engine\engine\tools.py:2891: SyntaxWarning: invalid escape sequence '\s'
  out.value=mode==='chars'?v.split('').reverse().join(''):v.split(/\s+/).filter(Boolean).reverse().join(' ');
  asset /manifest.webmanifest
  asset /sw.js
  asset /style.css
  asset /i18n.js
  page  /days-until-christmas/
  page  /days-until-new-year/
  page  /days-until-halloween/
  page  /days-until-valentines-day/
  page  /days-until-black-friday/
  page  /days-until-thanksgiving/
  page  /days-until-july-4th/
  page  /days-until-mothers-day/
  page  /days-until-easter/
  page  /days-until-christmas-eve/
  page  /days-until-st-patricks-day/
  page  /days-until-boxing-day/
  page  /days-until-fathers-day/
  page  /days-until-new-years-eve/
  page  /days-until-earth-day/
  page  /days-until-cinco-de-mayo/
  page  /days-until-thanksgiving-canada/
  page  /days-until-remembrance-day/
  page  /days-until-summer/
  page  /days-until-autumn/
  page  /days-until-winter/
  page  /days-until-spring/
  page  /days-until-june/
  page  /days-until-december/
  page  /days-until-may/
  page  /days-until-july/
  page  /days-until-september/
  page  /strip-html/
  page  /inch-fraction-calculator/
  page  /percentage-increase/
  page  /average-calculator/
  page  /days-until-january/
  page  /days-until-february/
  page  /days-until-april/
  page  /days-until-august/
  page  /days-until-november/
  page  /days-until-march/
  page  /days-until-october/
  page  /days-until-april-fools-day/
  page  /days-until-labor-day/
  page  /percentage-calculator/
  page  /days-between-dates/
  page  /age-calculator/
  page  /tip-calculator/
  page  /discount-calculator/
  page  /reading-time-calculator/
  page  /typing-speed-test/
  page  /cm-to-inches/
  page  /inches-to-cm/
  page  /kg-to-lbs/
  page  /lbs-to-kg/
  page  /celsius-to-fahrenheit/
  page  /fahrenheit-to-celsius/
  page  /miles-to-km/
  page  /km-to-miles/
  page  /mm-to-inches/
  page  /meters-to-feet/
  page  /feet-to-meters/
  page  /ounces-to-grams/
  page  /grams-to-ounces/
  page  /liters-to-gallons/
  page  /gallons-to-liters/
  page  /sqft-to-sqm/
  page  /sqm-to-sqft/
  page  /stone-to-kg/
  page  /kg-to-stone/
  page  /ml-to-oz/
  page  /minutes-to-hours/
  page  /inches-to-feet/
  page  /kmh-to-mph/
  page  /mph-to-kmh/
  page  /cups-to-ml/
  page  /tablespoons-to-teaspoons/
  page  /ounces-to-cups/
  page  /liters-to-pints/
  page  /kilograms-to-stones/
  page  /tablespoons-to-cups/
  page  /quarts-to-liters/
  page  /quarts-to-gallons/
  page  /liters-to-quarts/
  page  /gallons-to-pints/
  page  /pounds-to-ounces/
  page  /grams-to-pounds/
  page  /stones-to-pounds/
  page  /ml-to-l/
  page  /cups-to-fluid-ounces/
  page  /yards-to-meters/
  page  /pints-to-liters/
  page  /inches-to-mm/
  page  /feet-to-cm/
  page  /word-counter/
  page  /case-converter/
  page  /random-name-generator/
  page  /password-generator/
  page  /random-number-generator/
  page  /words-to-pages/
  page  /roman-numerals-converter/
  page  /sales-tax-calculator/
  page  /grade-calculator/
  page  /duplicate-line-remover/
  page  /slug-generator/
  page  /upside-down-text/
  page  /hours-calculator/
  page  /aspect-ratio-calculator/
  page  /liters-to-ml/
  page  /text-to-binary/
  page  /grams-to-cups/
  page  /day-of-week/
  page  /liters-to-quarts-uk/
  page  /litres-per-100km-to-mpg/
  page  /cups-to-grams/
  page  /salary-to-hourly/
  page  /coin-flip/
  page  /square-footage-calculator/
  page  /seconds-converter/
  page  /gb-to-mb/
  page  /mb-to-gb/
  page  /pixels-to-inches/
  page  /ounces-to-ml/
  page  /dice-roller/
  page  /roman-numeral-date-converter/
  page  /mm-to-cm/
  page  /half-calculator/
  page  /random-letter-generator/
  page  /cubic-feet-calculator/
  page  /line-sorter/
  page  /unit-price-calculator/
  page  /word-frequency-counter/
  page  /mb-to-kb/
  page  /kb-to-mb/
  page  /degrees-to-radians/
  page  /roman-numerals-1-100/
  page  /yes-or-no/
  page  /prime-checker/
  page  /factorial-calculator/
  page  /random-country-generator/
  page  /stones-and-pounds-to-kg/
  page  /feet-and-inches-to-cm/
  page  /random-emoji-generator/
  page  /cm-to-feet-and-inches/
  page  /cubic-meters-to-liters/
  page  /hex-to-rgb/
  page  /gallons-to-quarts/
  page  /kb-to-gb/
  page  /age-on-other-planets/
  page  /km-to-feet/
  page  /name-combiner/
  page  /miles-to-feet/
  page  /yards-to-miles/
  page  /inches-to-meters/
  page  /whitespace-cleaner/
  page  /binary-to-hex/
  page  /number-to-words/
  page  /gallons-to-cups/
  page  /mm-to-feet/
  page  /volume-of-cylinder/
  page  /ounces-to-tablespoons/
  page  /days-until-tax-day/
  page  /quarts-to-pints/
  page  /cups-to-quarts/
  page  /gb-to-kb/
  page  /liters-to-cups/
  page  /cups-to-pints/
  page  /pints-to-cups/
  page  /cm-to-feet/
  page  /meters-to-inches/
  page  /yards-to-inches/
  page  /grams-to-kilograms/
  page  /kilograms-to-ounces/
  page  /ounces-to-kilograms/
  page  /text-to-morse/
  page  /feet-to-yards/
  page  /epoch-timestamp/
  page  /inches-to-yards/
  page  /miles-to-meters/
  page  /km-to-yards/
  page  /minutes-to-days/
  page  /km-to-inches/
  page  /inches-to-km/
  page  /days-until-friday/
  page  /business-days-calculator/
  page  /days-until-the-weekend/
  page  /hours-to-days/
  page  /words-to-number/
  page  /speed-distance-time/
  page  /reverse-text/
  page  /weight-on-moon/
  page  /binary-to-decimal/
  page  /tablespoons-to-ml/
  page  /kelvin-converter/
  page  /savings-goal-calculator/
  page  /compound-interest-calculator/
  page  /double-discount-calculator/
  page  /simple-interest-calculator/
  page  /gpa-calculator/
  page  /sleep-cycle-calculator/
  page  /final-grade-calculator/
  page  /water-intake-calculator/
  page  /tdee-calculator/
  page  /tip-split-calculator/
  page  /heat-index-calculator/
  page  /bmi-calculator/
  page  /wind-chill-calculator/
  page  /pace-calculator/
  page  /macro-calculator/
  page  /electricity-cost-calculator/
  page  /body-fat-calculator/
  page  /oven-temperature-converter/
  page  /cgpa-to-percentage/
  page  /caffeine-calculator/
  page  /gst-calculator/
  page  /overtime-pay-calculator/
  page  /rent-affordability-calculator/
  page  /fuel-cost-calculator/
  page  /commission-calculator/
  page  /air-fryer-converter/
  page  /loan-payment-calculator/
  page  /vat-calculator/
  page  /fraction-calculator/
  page  /pregnancy-due-date-calculator/
  page  /time-zone-converter/
  page  /week-number-calculator/
  page  /time-card-calculator/
  page  /one-rep-max-calculator/
  page  /standard-deviation-calculator/
  page  /concrete-calculator/
  page  /slope-calculator/
  page  /random-team-generator/
  page  /paint-calculator/
  page  /tile-calculator/
  page  /half-birthday-calculator/
  page  /ratio-calculator/
  page  /calories-burned-calculator/
  page  /debt-payoff-calculator/
  page  /json-formatter/
  page  /base64-encode-decode/
  page  /url-encoder-decoder/
  page  /jwt-decoder/
  page  /amortization-schedule/
  page  /csv-to-json/
  page  /online-timer/
  page  /stopwatch/
  page  /stock-average-calculator/
  page  /position-size-calculator/
  page  /lottery-odds-calculator/
  page  /pomodoro-timer/
  page  /password-strength-checker/
  page  /crypto-profit-calculator/
  page  /dog-age-calculator/
  page  /cat-age-calculator/
  page  /flesch-reading-ease-calculator/
  page  /dew-point-calculator/
  page  /btu-calculator/
  page  /tire-size-comparison/
  page  /heart-rate-zones-calculator/
  page  /golf-handicap-calculator/
  page  /bpm-delay-calculator/
  page  /ev-charging-cost-calculator/
  page  /golden-hour-calculator/
  page  /pizza-dough-calculator/
  page  /inflation-calculator/
  page  /sleep-debt-calculator/
  page  /coffee-ratio-calculator/
  page  /break-even-calculator/
  page  /ideal-weight-calculator/
  page  /lorem-ipsum-generator/
  page  /cagr-calculator/
  page  /pool-volume-calculator/
  page  /time-spent-calculator/
  page  /meat-cooking-time-calculator/
  page  /car-depreciation-calculator/
  page  /jet-lag-calculator/
  page  /mulch-calculator/
  page  /laminate-flooring-calculator/
  page  /wallpaper-calculator/
  page  /diaper-cost-calculator/
  page  /wake-window-calculator/
  page  /formula-feeding-calculator/
  page  /protein-intake-calculator/
  page  /creatine-calculator/
  page  /data-usage-calculator/
  page  /flight-delay-compensation-calculator/
  page  /subscription-cost-calculator/
  page  /silver-value-calculator/
  page  /yarn-yardage-calculator/
  page  /knitting-cast-on-calculator/
  page  /curtain-fabric-calculator/
  page  /
  asset /opensearch.xml
Built 287 tool pages + 5 site pages → docs/  (https://seyrs1985.github.io/tooltide/)
  removed docs/games/ (moved to NeonPlay)
  games/index.html  ->  redirect
  games/neon-tide/index.html  ->  redirect
  games/snake/index.html  ->  redirect
  games/2048/index.html  ->  redirect
  games/memory-pairs/index.html  ->  redirect
  games/tic-tac-toe/index.html  ->  redirect
Games redirects built: 6 stubs -> https://seyrs1985.github.io/neonplay/
